// Jest Snapshot v1, https://goo.gl/fbAQLP

exports[`genCommonTypes Token 1`] = `
Object {
  "ts": "
import { ICOSmartContract, ICOMigrationSmartContract } from './ICO/types'
import { TokenSmartContract, TokenMigrationSmartContract } from './Token/types'

export interface Contracts {
  readonly ico: ICOSmartContract;
  readonly token: TokenSmartContract;
}

export interface MigrationContracts {
  readonly ico: ICOMigrationSmartContract;
  readonly token: TokenMigrationSmartContract;
}
",
}
`;
