// Jest Snapshot v1, https://goo.gl/fbAQLP

exports[`RedToken properties + issue + balanceOf + totalSupply + transfer: deploy consumed 1`] = `"9.555"`;

exports[`RedToken properties + issue + balanceOf + totalSupply + transfer: deploy cost 1`] = `"19.555"`;

exports[`RedToken properties + issue + balanceOf + totalSupply + transfer: transfer consume 1`] = `"7.129"`;

exports[`RedToken properties + issue + balanceOf + totalSupply + transfer: transfer cost 1`] = `"17.129"`;
