// Jest Snapshot v1, https://goo.gl/fbAQLP

exports[`TestTransferableOwnership deploy + transfer: deploy consumed 1`] = `"0"`;

exports[`TestTransferableOwnership deploy + transfer: deploy cost 1`] = `"1.178"`;
