// Jest Snapshot v1, https://goo.gl/fbAQLP

exports[`NEOONEProvider getBlockCount - unknown network 1`] = `[Error: Unknown network unknown]`;
