// Jest Snapshot v1, https://goo.gl/fbAQLP

exports[`genProjectID Token 1`] = `
Object {
  "js": "
/**
 * @projectID foobar
 */

export const projectID = 'foobar';
",
  "ts": "
/**
 * @projectID foobar
 */

export const projectID = 'foobar';
",
}
`;
