// Jest Snapshot v1, https://goo.gl/fbAQLP

exports[`console cannot be implemented 1`] = `
"snippetCode.ts (2,7): Built-ins cannot be implemented.

      1 | 
    > 2 |       class MyConsole implements Console {
        |       ^
      3 |       }
      4 |     
"
`;

exports[`console cannot be referenced 1`] = `
"snippetCode.ts (2,17): Builtins cannot be referenced

      1 | 
    > 2 |       const x = console;
        |                 ^
      3 |     
"
`;
