// Jest Snapshot v1, https://goo.gl/fbAQLP

exports[`console.log cannot be referenced 1`] = `
"snippetCode.ts (2,19): Builtin properties cannot be referenced

      1 | 
    > 2 |       const log = console.log;
        |                   ^
      3 |     
"
`;
