// Jest Snapshot v1, https://goo.gl/fbAQLP

exports[`ContractModel - serializeWirebase Simple 1`] = `"190000000000000000000000000000000000000000000000000001010101010101010101010101010101010101010866756e6374696f6e010105706172616dff010866756e6374696f6e010105706172616dff01056576656e74010105706172616d010248be3c070df745a60f3b8b494efcc6caf90244d803a9a72fe95d9bae2120ec708063636161623034306363323530323163393135363762373564623437373838353334343138363931353762386636616164393630636463663130363938313234383030323761353238636139623938653232303530323764653230363936663834386366383138323465656237616631643531313038373038373063656236370114010101010101010101010101010101010101010101076d6574686f643101010101010101010101010101010101010101010102076d6574686f6431076d6574686f643205"`;
