// Jest Snapshot v1, https://goo.gl/fbAQLP

exports[`genSourceMaps Token 1`] = `
Object {
  "js": "
let sourceMapsIn = {};

if (process.env.NODE_ENV !== 'production' || process.env.NEO_ONE_DEV === 'true') {
  sourceMapsIn = {};
}

export const sourceMaps = sourceMapsIn;
",
  "ts": "
import { SourceMaps } from '@neo-one/client';

export const sourceMaps: SourceMaps;
",
}
`;
