// Jest Snapshot v1, https://goo.gl/fbAQLP

exports[`Object cannot be extended 1`] = `
"snippetCode.ts (2,30): Built-ins cannot be extended.

      1 | 
    > 2 |       class MyObject extends Object {
        |                              ^
      3 |       }
      4 |     
"
`;

exports[`Object cannot be implemented 1`] = `
"snippetCode.ts (2,7): Built-ins cannot be implemented.

      1 | 
    > 2 |       class MyObject implements Object {
        |       ^
      3 |       }
      4 |     
"
`;

exports[`Object cannot be referenced 1`] = `
"snippetCode.ts (2,17): Built-ins may not be referenced.

      1 | 
    > 2 |       const x = Object;
        |                 ^
      3 |     
"
`;
