// Jest Snapshot v1, https://goo.gl/fbAQLP

exports[`TestTranspiledToken properties + issue + balanceOf + totalSupply + transfer: deploy consumed 1`] = `"7.985"`;

exports[`TestTranspiledToken properties + issue + balanceOf + totalSupply + transfer: deploy cost 1`] = `"17.985"`;

exports[`TestTranspiledToken properties + issue + balanceOf + totalSupply + transfer: transfer consume 1`] = `"6.207"`;

exports[`TestTranspiledToken properties + issue + balanceOf + totalSupply + transfer: transfer cost 1`] = `"16.207"`;
