// Jest Snapshot v1, https://goo.gl/fbAQLP

exports[`ImportDeclarationCompiler export = unsupported 1`] = `
"snippetCode.ts (4,7): Unsupported syntax

      2 |       const x = 'foo';
      3 | 
    > 4 |       export = x;
        |       ^
      5 |     
"
`;

exports[`ImportDeclarationCompiler import = unsupported 1`] = `
"snippetCode.ts (2,14): 'x' is declared but its value is never read.

      1 | 
    > 2 |       import x = require('x');
        |              ^
      3 |     
"
`;
