// Jest Snapshot v1, https://goo.gl/fbAQLP

exports[`PublicKey cannot be implemented 1`] = `
"snippetCode.ts (3,13): Class 'MyPublicKey' incorrectly implements interface 'PublicKey'.
  Property '[OpaqueTagSymbol0]' is missing in type 'MyPublicKey'.

      1 | 
      2 |       import { PublicKey } from '@neo-one/smart-contract';
    > 3 |       class MyPublicKey implements PublicKey {
        |             ^
      4 |       }
      5 |     
"
`;
