// Jest Snapshot v1, https://goo.gl/fbAQLP

exports[`Deploy cannot be implemented 1`] = `
"snippetCode.ts (4,13): Class 'MyDeploy' incorrectly implements interface 'DeployConstructor'.
  Property 'senderAddress' is missing in type 'MyDeploy'.

      2 |       import { DeployConstructor } from '@neo-one/smart-contract';
      3 | 
    > 4 |       class MyDeploy implements DeployConstructor {
        |             ^
      5 |       }
      6 |     
"
`;
