// Jest Snapshot v1, https://goo.gl/fbAQLP

exports[`Input cannot be implemented 1`] = `
"snippetCode.ts (4,13): Class 'MyInput' incorrectly implements interface 'Input'.
  Property 'hash' is missing in type 'MyInput'.

      2 |       import { Input } from '@neo-one/smart-contract';
      3 | 
    > 4 |       class MyInput implements Input {
        |             ^
      5 |       }
      6 |     
"
`;
