// Jest Snapshot v1, https://goo.gl/fbAQLP

exports[`Transaction cannot be implemented 1`] = `
"snippetCode.ts (4,13): Class 'MyTransaction' incorrectly implements interface 'TransactionBase'.
  Property 'hash' is missing in type 'MyTransaction'.

      2 |       import { TransactionBase } from '@neo-one/smart-contract';
      3 | 
    > 4 |       class MyTransaction implements TransactionBase {
        |             ^
      5 |       }
      6 |     
"
`;
