// Jest Snapshot v1, https://goo.gl/fbAQLP

exports[`genContracts Token 1`] = `
Object {
  "js": "import { createICOSmartContract } from './ICO/contract'
import { createTokenSmartContract } from './Token/contract'

export const createContracts = (client) => ({
  ico: createICOSmartContract(client),
  token: createTokenSmartContract(client),
});
  ",
  "ts": "import { Client } from '@neo-one/client';

import { ICOSmartContract, ICOMigrationSmartContract } from './ICO/types'
import { TokenSmartContract, TokenMigrationSmartContract } from './Token/types'

export interface Contracts<TClient extends Client = Client> {
  readonly ico: ICOSmartContract<TClient>;
  readonly token: TokenSmartContract<TClient>;
}

export interface MigrationContracts {
  readonly ico: ICOMigrationSmartContract;
  readonly token: TokenMigrationSmartContract;
}

export const createContracts: <TClient extends Client>(client: TClient) => Contracts<TClient>;
",
}
`;
