// Jest Snapshot v1, https://goo.gl/fbAQLP

exports[`createReadSmartContract iterActions 1`] = `
Array [
  Array [
    Object {
      "indexStart": 3,
      "indexStop": 5,
    },
  ],
]
`;

exports[`createReadSmartContract iterEvents 1`] = `
Array [
  Array [
    Object {
      "indexStart": 3,
      "indexStop": 5,
    },
  ],
  Array [
    Object {
      "indexStart": 3,
      "indexStop": 5,
    },
  ],
]
`;

exports[`createReadSmartContract iterLogs 1`] = `
Array [
  Array [
    Object {
      "indexStart": 3,
      "indexStop": 5,
    },
  ],
  Array [
    Object {
      "indexStart": 3,
      "indexStop": 5,
    },
  ],
  Array [
    Object {
      "indexStart": 3,
      "indexStop": 5,
    },
  ],
]
`;

exports[`createReadSmartContract iterStorage 1`] = `
Array [
  Array [
    "ALq7AWrhAueN6mJNqk6FHJjnsEoPRytLdW",
  ],
]
`;
