// Jest Snapshot v1, https://goo.gl/fbAQLP

exports[`Number cannot be implemented 1`] = `
"snippetCode.ts (2,7): Built-ins cannot be implemented.

      1 | 
    > 2 |       class MyNumber implements Number {
        |       ^
      3 |       }
      4 |     
"
`;

exports[`Number cannot be referenced 1`] = `
"snippetCode.ts (2,17): Builtins cannot be referenced

      1 | 
    > 2 |       const x = Number;
        |                 ^
      3 |     
"
`;
