// Jest Snapshot v1, https://goo.gl/fbAQLP

exports[`Array cannot be implemented 1`] = `
"snippetCode.ts (2,7): Built-ins cannot be implemented.

      1 | 
    > 2 |       class MyArray implements Array<number> {
        |       ^
      3 |       }
      4 |     
"
`;

exports[`Array cannot be referenced 1`] = `
"snippetCode.ts (2,17): Builtins cannot be referenced

      1 | 
    > 2 |       const x = Array;
        |                 ^
      3 |     
"
`;
